"var singleQuote = 'singleQuote';\nvar doubleQuote = \"doubleQuote\";\nvar escapedSingleQuote = 'escapedSingle\\'Quote';\nvar escapedDoubleQuote = \"escapedDouble\\\"Quote\";\nvar escapedB = 'escaped\\bB';\nvar escapedT = 'escaped\\tT';\nvar escapedN = 'escaped\\nN';\nvar escapedR = 'escaped\\rR';\n"